--- Starting Reproduction Test ---
[RenderEstimator] ╨Э╨░╤З╨░╨╗╨╛ ╤А╨╡╨╜╨┤╨╡╤А╨░. ╨Ъ╨░╨┤╤А╨╛╨▓: 2

[MOCK TELEGRAM] Sending message:
тЬЕ ╨а╨╡╨╜╨┤╨╡╤А ╨╖╨░╨▓╨╡╤А╤И╨╡╨╜!

ЁЯУВ ╨д╨░╨╣╨╗: test_scene.hip
ЁЯХ╕ ╨Э╨╛╨┤╨░: /out/rop1
ЁЯЦе ╨е╨╛╤Б╤В: test-host
ЁЯОи ╨а╨╡╨╜╨┤╨╡╤А: <MagicMock name='mock.pwd().parm().eval()' id='2317457701728'>
ЁЯУ╖ ╨Ъ╨░╨╝╨╡╤А╨░: <MagicMock name='mock.pwd().stage().GetPrimAtPath().GetRelationship().GetTargets().__getitem__()' id='2317458856256'>
ЁЯТб ╨б╨▓╨╡╤В: ╨Э╨╡ ╨╜╨░╨╣╨┤╨╡╨╜╨╛
ЁЯУР ╨а╨░╨╖╤А╨╡╤И╨╡╨╜╨╕╨╡: <MagicMock name='mock.pwd().evalParm()' id='2317458849872'>x<MagicMock name='mock.pwd().evalParm()' id='2317458849872'>
ЁЯУК ╨б╤В╨░╤В╨╕╤Б╤В╨╕╨║╨░:
тАв ╨Т╤Б╨╡╨│╨╛ ╨║╨░╨┤╤А╨╛╨▓: 2
тАв ╨Ю╨▒╤Й╨╡╨╡ ╨▓╤А╨╡╨╝╤П: 0:00:30
тАв ╨б╤А╨╡╨┤╨╜╨╡╨╡ ╨╜╨░ ╨║╨░╨┤╤А: 15.0 ╤Б╨╡╨║
тАв ╨Ь╨╕╨╜. ╨▓╤А╨╡╨╝╤П: ~15.0s (Single Process)
тАв ╨Ь╨░╨║╤Б. ╨▓╤А╨╡╨╝╤П: ~15.0s (Single Process)

[RESULT] BUG NOT FOUND (or fixed): '╨Ь╨╕╨╜. ╨▓╤А╨╡╨╝╤П: 0.0s' not in message
